// Jest Snapshot v1, https://goo.gl/fbAQLP

exports[`<MissingComponent /> should render 1`] = `
<div style="background: darkorange; outline: 5px solid orange; padding: 10px; color: white; max-width: 500px;">
  <h2>
    missing
  </h2>
  <p>
    JSS component is missing Vue implementation. See the developer console for more information.
  </p>
</div>
`;
